[doctest] doctest version is "2.5.2"
[doctest] run with "--help" for options
===============================================================================
/home/vikash/oracle/rdna3-wmma-latest/review-wmma/arch-source/test.cpp:114:
TEST CASE:  quantized WMMA admits only measured device names and HIP features

/home/vikash/oracle/rdna3-wmma-latest/review-wmma/arch-source/test.cpp:129: ERROR: CHECK_FALSE( GcnArchNameHasQuantWmma(name) ) is NOT correct!
  values: CHECK_FALSE( true )
  logged: std::string(name) := gfx1100:

/home/vikash/oracle/rdna3-wmma-latest/review-wmma/arch-source/test.cpp:129: ERROR: CHECK_FALSE( GcnArchNameHasQuantWmma(name) ) is NOT correct!
  values: CHECK_FALSE( true )
  logged: std::string(name) := gfx1100:xnack

/home/vikash/oracle/rdna3-wmma-latest/review-wmma/arch-source/test.cpp:129: ERROR: CHECK_FALSE( GcnArchNameHasQuantWmma(name) ) is NOT correct!
  values: CHECK_FALSE( true )
  logged: std::string(name) := gfx1100:foo+

/home/vikash/oracle/rdna3-wmma-latest/review-wmma/arch-source/test.cpp:129: ERROR: CHECK_FALSE( GcnArchNameHasQuantWmma(name) ) is NOT correct!
  values: CHECK_FALSE( true )
  logged: std::string(name) := gfx1100:xnack-:

/home/vikash/oracle/rdna3-wmma-latest/review-wmma/arch-source/test.cpp:129: ERROR: CHECK_FALSE( GcnArchNameHasQuantWmma(name) ) is NOT correct!
  values: CHECK_FALSE( true )
  logged: std::string(name) := gfx1100::xnack-

/home/vikash/oracle/rdna3-wmma-latest/review-wmma/arch-source/test.cpp:129: ERROR: CHECK_FALSE( GcnArchNameHasQuantWmma(name) ) is NOT correct!
  values: CHECK_FALSE( true )
  logged: std::string(name) := gfx1100:xnack-:xnack+

/home/vikash/oracle/rdna3-wmma-latest/review-wmma/arch-source/test.cpp:129: ERROR: CHECK_FALSE( GcnArchNameHasQuantWmma(name) ) is NOT correct!
  values: CHECK_FALSE( true )
  logged: std::string(name) := gfx1200:sramecc+:sramecc+

===============================================================================
[doctest] test cases:  1 |  0 passed | 1 failed | 15 skipped
[doctest] assertions: 31 | 24 passed | 7 failed |
[doctest] Status: FAILURE!
