[doctest] doctest version is "2.5.2"
[doctest] run with "--help" for options
===============================================================================
tests/vt/test_rocm_arch.cpp:114:
TEST CASE:  quantized WMMA admits only measured device names and HIP features

tests/vt/test_rocm_arch.cpp:120: ERROR: CHECK( GcnArchNameHasQuantWmma(name) ) is NOT correct!
  values: CHECK( false )
  logged: name := 1

tests/vt/test_rocm_arch.cpp:120: ERROR: CHECK( GcnArchNameHasQuantWmma(name) ) is NOT correct!
  values: CHECK( false )
  logged: name := 1

tests/vt/test_rocm_arch.cpp:120: ERROR: CHECK( GcnArchNameHasQuantWmma(name) ) is NOT correct!
  values: CHECK( false )
  logged: name := 1

tests/vt/test_rocm_arch.cpp:128: ERROR: CHECK_FALSE( GcnArchNameHasQuantWmma(name) ) is NOT correct!
  values: CHECK_FALSE( true )
  logged: name := 1

===============================================================================
[doctest] test cases:  1 |  0 passed | 1 failed | 15 skipped
[doctest] assertions: 29 | 25 passed | 4 failed |
[doctest] Status: FAILURE!
