[doctest] doctest version is "2.5.2"
[doctest] run with "--help" for options
===============================================================================
/home/vikash/oracle/rdna3-wmma-latest/review-wmma/arch-source/test.cpp:114:
TEST CASE:  quantized WMMA admits only measured device names and HIP features

/home/vikash/oracle/rdna3-wmma-latest/review-wmma/arch-source/test.cpp:129: ERROR: CHECK_FALSE( GcnArchNameHasQuantWmma(name) ) is NOT correct!
  values: CHECK_FALSE( true )
  logged: std::string(name) := gfx110

/home/vikash/oracle/rdna3-wmma-latest/review-wmma/arch-source/test.cpp:129: ERROR: CHECK_FALSE( GcnArchNameHasQuantWmma(name) ) is NOT correct!
  values: CHECK_FALSE( true )
  logged: std::string(name) := gfx11000

/home/vikash/oracle/rdna3-wmma-latest/review-wmma/arch-source/test.cpp:129: ERROR: CHECK_FALSE( GcnArchNameHasQuantWmma(name) ) is NOT correct!
  values: CHECK_FALSE( true )
  logged: std::string(name) := gfx1100garbage

/home/vikash/oracle/rdna3-wmma-latest/review-wmma/arch-source/test.cpp:129: ERROR: CHECK_FALSE( GcnArchNameHasQuantWmma(name) ) is NOT correct!
  values: CHECK_FALSE( true )
  logged: std::string(name) := gfx1101

/home/vikash/oracle/rdna3-wmma-latest/review-wmma/arch-source/test.cpp:129: ERROR: CHECK_FALSE( GcnArchNameHasQuantWmma(name) ) is NOT correct!
  values: CHECK_FALSE( true )
  logged: std::string(name) := gfx1102

/home/vikash/oracle/rdna3-wmma-latest/review-wmma/arch-source/test.cpp:129: ERROR: CHECK_FALSE( GcnArchNameHasQuantWmma(name) ) is NOT correct!
  values: CHECK_FALSE( true )
  logged: std::string(name) := gfx1103

/home/vikash/oracle/rdna3-wmma-latest/review-wmma/arch-source/test.cpp:129: ERROR: CHECK_FALSE( GcnArchNameHasQuantWmma(name) ) is NOT correct!
  values: CHECK_FALSE( true )
  logged: std::string(name) := gfx1150

/home/vikash/oracle/rdna3-wmma-latest/review-wmma/arch-source/test.cpp:129: ERROR: CHECK_FALSE( GcnArchNameHasQuantWmma(name) ) is NOT correct!
  values: CHECK_FALSE( true )
  logged: std::string(name) := gfx1151

===============================================================================
[doctest] test cases:  1 |  0 passed | 1 failed | 15 skipped
[doctest] assertions: 31 | 23 passed | 8 failed |
[doctest] Status: FAILURE!
